script=scripts/verify_clean_optout_majority_piH0.R
git_head_at_execution=90ebbcafef8258f91644b24e9859972613bf9b27
started_at=2026-08-04 12:21:10
ended_at=2026-08-04 12:21:10
inputs=n_states:3:20;beta:0.15,0.4,0.7,0.9,0.99;mu:0.01,0.15,0.4,0.7,0.95,0.99;o0:0.02,0.1,0.3,0.55;o1:0.08,0.2,0.5,0.8,0.98
regular_grid_rows=7560
proposal_bound_rows=7560
output=tables/clean_optout_majority_checks_piH0.csv
passed=18
total=18
status=PASS
failed_checks=
session_info_begin
R version 4.4.2 (2024-10-31)
Platform: aarch64-apple-darwin20
Running under: macOS Sonoma 14.7.3

Matrix products: default
BLAS:   /Library/Frameworks/R.framework/Versions/4.4-arm64/Resources/lib/libRblas.0.dylib
LAPACK: /Library/Frameworks/R.framework/Versions/4.4-arm64/Resources/lib/libRlapack.dylib;  LAPACK version 3.12.0

locale:
[1] C

time zone: America/Belem
tzcode source: internal

attached base packages:
[1] stats     graphics  grDevices utils     datasets  methods   base

loaded via a namespace (and not attached):
[1] compiler_4.4.2
session_info_end
