script=scripts/verify_clean_optout_R2_piH0.R
git_head_at_execution=2635d1bd40765973b45e215a621d462f6635b148
started_at=2026-08-04 12:29:54
ended_at=2026-08-04 12:29:54
inputs=n_states:3:20;o0:0,0.05,0.2,0.45;o1:0.1,0.3,0.6,0.9,1;nu:0,0.1,0.35,0.7,0.95,1;beta:0.2,0.7,1;IC_beta:0.83
grid_rows=5508
ic_grid_rows=64
output=tables/clean_optout_R2_checks_piH0.csv
passed=8
total=8
status=PASS
failed_checks=
session_info_begin
R version 4.4.2 (2024-10-31)
Platform: aarch64-apple-darwin20
Running under: macOS Sonoma 14.7.3

Matrix products: default
BLAS:   /Library/Frameworks/R.framework/Versions/4.4-arm64/Resources/lib/libRblas.0.dylib
LAPACK: /Library/Frameworks/R.framework/Versions/4.4-arm64/Resources/lib/libRlapack.dylib;  LAPACK version 3.12.0

locale:
[1] C

time zone: America/Belem
tzcode source: internal

attached base packages:
[1] stats     graphics  grDevices utils     datasets  methods   base

loaded via a namespace (and not attached):
[1] compiler_4.4.2
session_info_end
