script: scripts/verify_clean_optout_goal2_migration.R
started_at: 2026-08-04T12:29:54-0300
finished_at: 2026-08-04T12:29:54-0300
status: PASS
checks: 14/14 PASS
required_clean_architecture_present | PASS | \pi_H=0 present | b_0=b_1=0 present | immediate and irreversible present | weak-vote-passive assessment present | \beta o_1\geq o_0 present | G_P>G_L present | F_M=\max\{E,B_M,P\} present | \mathcal F_U\subseteq\mathcal F_M present | \bar o\leq E[u_H^M]\leq o_1=E[u_H^U] present | common PBE domain present
legacy_architecture_not_promoted | PASS | t_0 absent | t_1 absent | t_\theta absent | a_0(1) absent | a_0^M absent | a_1^M absent | \Delta_H absent | lem:weak-caused-nonpivotal absent | lem:rejected-histories absent | relative_package_no_cheap_H_region_piH0.pdf absent | relative_package_R1_candidate_regions_piH0.pdf absent | relative_package_phase_diagram_piH0.pdf absent | relative_package_region_sweep_summary_piH0.csv absent | relative_package_complete_info_benchmark_piH0.csv absent | 0.315 absent | 0.943 absent
excluded_extensions_only_in_scope_language | PASS | \beta C_\theta scope-only | \max\{o_\theta,\beta C_\theta\} scope-only | C-B-R scope-only
required_labels_present | PASS | def:game present | def:passive present | fig:timing present | tab:result-scope present | lem:r2-unanimity present | prop:r2-majority present | lem:completion present | thm:u-regular present | prop:majority present | prop:nesting present | prop:h-comparison present | tab:majority-endpoint-limits present | tab:notation present
source_labels_unique | PASS | 65 labels; 65 unique
figures_have_captions | PASS | 1 figure environment; timing label present
tables_have_captions | PASS | 2 table environments; 3 LaTeX captions; 4 generated captions
citation_keys_resolve | PASS | 14 cited keys found in references.bib
history_contract_has_21_classes | PASS | 21 rows; IDs G01,G02,G03,G04,G05,G06,G07,G08,G09,G10,G11,G12,G13,G14,G15,G16,G17,G18,G19,G20,G21
poppler_available | PASS | pdftotext: /opt/homebrew/bin/pdftotext | pdfinfo: /opt/homebrew/bin/pdfinfo
required_claims_render_in_pdf | PASS | Clean immediate-opt-out game present | Regular unanimity existence and payoff present | Regular majority correspondence present | Entry nesting present | Hegemon payoff bounds present | Conditional Institutional Comparison present
legacy_claims_absent_from_pdf | PASS | 0.315 absent | 0.943 absent | Dynamic Acceptance absent | Strict No-Cheap-H absent | weak-caused-nonpivotal absent | rejected-history reduction absent
pdf_metadata_valid | PASS | Pages:           32 | Page size:       612 x 792 pts (letter)
sha256_recorded | PASS | 94d9711fc9c6ab5bc3e77dff8d134036ef3a369aeb246b87c649545745ca121f  formal_model_v6.Rmd | d78bf725616084000c55dceb7df8645c947abbec40eaaa2c613389e38c0a4daf  formal_model_v6.pdf
sha256: 94d9711fc9c6ab5bc3e77dff8d134036ef3a369aeb246b87c649545745ca121f  formal_model_v6.Rmd | d78bf725616084000c55dceb7df8645c947abbec40eaaa2c613389e38c0a4daf  formal_model_v6.pdf
